0 files...          1 files...          2 files...  
