[0] %% got            [100] %% got _
