0% number lines...                  1000% number lines...  
