[0%] lines          [1000%] lines
